// Jest Snapshot v1, https://goo.gl/fbAQLP

exports[`Lookahead got some objects 1`] = `
Array [
  Object {
    "content": Object {
      "id": "obj0",
    },
    "enable": Object {
      "end": "#piece0obj0.start",
      "start": 1,
    },
    "id": "lookahead_timed0_obj0",
    "isLookahead": true,
    "layer": "PRELOAD_lookahead",
    "lookaheadForLayer": "PRELOAD",
    "pieceInstanceId": "piece0",
    "priority": 0.1,
  },
  Object {
    "content": Object {
      "id": "obj1",
    },
    "enable": Object {
      "end": "#piece1obj1.start",
      "start": "#piece0obj0.start + 0",
    },
    "id": "lookahead_timed1_obj1",
    "isLookahead": true,
    "layer": "PRELOAD_lookahead",
    "lookaheadForLayer": "PRELOAD",
    "pieceInstanceId": "piece1",
    "priority": 0.1,
  },
  Object {
    "content": Object {
      "id": "obj2",
    },
    "enable": Object {
      "while": "1",
    },
    "id": "lookahead_future0_obj2",
    "isLookahead": true,
    "layer": "PRELOAD_lookahead",
    "lookaheadForLayer": "PRELOAD",
    "pieceInstanceId": "piece0",
    "priority": 0.07500000000000001,
  },
  Object {
    "content": Object {
      "id": "obj3",
    },
    "enable": Object {
      "while": "1",
    },
    "id": "lookahead_future1_obj3",
    "isLookahead": true,
    "layer": "PRELOAD_lookahead",
    "lookaheadForLayer": "PRELOAD",
    "pieceInstanceId": "piece0",
    "priority": 0.05,
  },
  Object {
    "content": Object {
      "id": "obj4",
    },
    "enable": Object {
      "while": "1",
    },
    "id": "lookahead_future2_obj4",
    "isLookahead": true,
    "layer": "PRELOAD_lookahead",
    "lookaheadForLayer": "PRELOAD",
    "pieceInstanceId": "piece0",
    "priority": 0.025,
  },
  Object {
    "content": Object {
      "id": "obj5",
    },
    "enable": Object {
      "end": "#piece1obj5.start",
      "start": 1,
    },
    "id": "lookahead_timed0_obj5",
    "isLookahead": true,
    "layer": "WHEN_CLEAR",
    "pieceInstanceId": "piece1",
    "priority": 0.1,
  },
  Object {
    "content": Object {
      "id": "obj6",
    },
    "enable": Object {
      "end": "#piece0obj6.start",
      "start": "#piece1obj5.start + 0",
    },
    "id": "lookahead_timed1_obj6",
    "isLookahead": true,
    "layer": "WHEN_CLEAR",
    "pieceInstanceId": "piece0",
    "priority": 0.1,
  },
  Object {
    "content": Object {
      "id": "obj7",
    },
    "enable": Object {
      "start": "#piece0obj6.start + 0",
    },
    "id": "lookahead_future0_obj7",
    "isLookahead": true,
    "layer": "WHEN_CLEAR",
    "pieceInstanceId": "piece1",
    "priority": 0.07500000000000001,
  },
  Object {
    "content": Object {
      "id": "obj8",
    },
    "enable": Object {
      "while": "1",
    },
    "id": "lookahead_future1_obj8",
    "isLookahead": true,
    "layer": "WHEN_CLEAR",
    "pieceInstanceId": "piece1",
    "priority": 0.05,
  },
  Object {
    "content": Object {
      "id": "obj9",
    },
    "enable": Object {
      "while": "1",
    },
    "id": "lookahead_future2_obj9",
    "isLookahead": true,
    "layer": "WHEN_CLEAR",
    "pieceInstanceId": "piece0",
    "priority": 0.025,
  },
]
`;
